#-----------------------------------------------------------
# Vivado v2018.1 (64-bit)
# SW Build 2188600 on Wed Apr  4 18:40:38 MDT 2018
# IP Build 2185939 on Wed Apr  4 20:55:05 MDT 2018
# Start of session at: Fri May  3 16:41:54 2024
# Process ID: 14880
# Current directory: D:/Academic/Microprocessor - CodeCrafters/NanoProcessor/NanoProcessor
# Command line: vivado.exe -gui_launcher_event rodinguilauncherevent25140 D:\Academic\Microprocessor - CodeCrafters\NanoProcessor\NanoProcessor\NanoProcessor.xpr
# Log file: D:/Academic/Microprocessor - CodeCrafters/NanoProcessor/NanoProcessor/vivado.log
# Journal file: D:/Academic/Microprocessor - CodeCrafters/NanoProcessor/NanoProcessor\vivado.jou
#-----------------------------------------------------------
start_gui
open_project {D:/Academic/Microprocessor - CodeCrafters/NanoProcessor/NanoProcessor/NanoProcessor.xpr}
update_compile_order -fileset sources_1
launch_simulation
open_wave_config {D:/Academic/Microprocessor - CodeCrafters/NanoProcessor/NanoProcessor/TB_Microprocessor_behav1.wcfg}
source TB_Microprocessor.tcl
# Disabling source management mode.  This is to allow the top design properties to be set without GUI intervention.
set_property source_mgmt_mode None [current_project]
set_property top TB_ROM [get_filesets sim_1]
set_property top_lib xil_defaultlib [get_filesets sim_1]
# Re-enabling previously disabled source management mode.
set_property source_mgmt_mode All [current_project]
# Disabling source management mode.  This is to allow the top design properties to be set without GUI intervention.
set_property source_mgmt_mode None [current_project]
set_property top ROM [current_fileset]
# Re-enabling previously disabled source management mode.
set_property source_mgmt_mode All [current_project]
update_compile_order -fileset sim_1
update_compile_order -fileset sources_1
launch_simulation
open_wave_config {D:/Academic/Microprocessor - CodeCrafters/NanoProcessor/NanoProcessor/TB_Microprocessor_behav1.wcfg}
source TB_ROM.tcl
save_wave_config {D:/Academic/Microprocessor - CodeCrafters/NanoProcessor/NanoProcessor/TB_Microprocessor_behav1.wcfg}
close_sim
launch_simulation
open_wave_config {D:/Academic/Microprocessor - CodeCrafters/NanoProcessor/NanoProcessor/TB_Microprocessor_behav1.wcfg}
source TB_ROM.tcl
close_sim
launch_simulation
open_wave_config {D:/Academic/Microprocessor - CodeCrafters/NanoProcessor/NanoProcessor/TB_Microprocessor_behav1.wcfg}
source TB_ROM.tcl
# Disabling source management mode.  This is to allow the top design properties to be set without GUI intervention.
set_property source_mgmt_mode None [current_project]
set_property top TB_Comparator [get_filesets sim_1]
set_property top_lib xil_defaultlib [get_filesets sim_1]
# Re-enabling previously disabled source management mode.
set_property source_mgmt_mode All [current_project]
update_compile_order -fileset sim_1
# Disabling source management mode.  This is to allow the top design properties to be set without GUI intervention.
set_property source_mgmt_mode None [current_project]
set_property top Comparator [current_fileset]
# Re-enabling previously disabled source management mode.
set_property source_mgmt_mode All [current_project]
update_compile_order -fileset sources_1
launch_simulation
open_wave_config {D:/Academic/Microprocessor - CodeCrafters/NanoProcessor/NanoProcessor/TB_Microprocessor_behav1.wcfg}
source TB_Comparator.tcl
save_wave_config {D:/Academic/Microprocessor - CodeCrafters/NanoProcessor/NanoProcessor/TB_Microprocessor_behav1.wcfg}
save_wave_config {D:/Academic/Microprocessor - CodeCrafters/NanoProcessor/NanoProcessor/TB_Microprocessor_behav1.wcfg}
close_sim
launch_simulation
open_wave_config {D:/Academic/Microprocessor - CodeCrafters/NanoProcessor/NanoProcessor/TB_Microprocessor_behav1.wcfg}
source TB_Comparator.tcl
close_sim
current_sim simulation_4
close_sim
close_sim
