#-----------------------------------------------------------
# Vivado v2018.1 (64-bit)
# SW Build 2188600 on Wed Apr  4 18:40:38 MDT 2018
# IP Build 2185939 on Wed Apr  4 20:55:05 MDT 2018
# Start of session at: Fri May  3 12:54:20 2024
# Process ID: 29464
# Current directory: D:/Academic/Microprocessor - CodeCrafters/NanoProcessor/NanoProcessor
# Command line: vivado.exe -gui_launcher_event rodinguilauncherevent2728 D:\Academic\Microprocessor - CodeCrafters\NanoProcessor\NanoProcessor\NanoProcessor.xpr
# Log file: D:/Academic/Microprocessor - CodeCrafters/NanoProcessor/NanoProcessor/vivado.log
# Journal file: D:/Academic/Microprocessor - CodeCrafters/NanoProcessor/NanoProcessor\vivado.jou
#-----------------------------------------------------------
start_gui
open_project {D:/Academic/Microprocessor - CodeCrafters/NanoProcessor/NanoProcessor/NanoProcessor.xpr}
update_compile_order -fileset sources_1
# Disabling source management mode.  This is to allow the top design properties to be set without GUI intervention.
set_property source_mgmt_mode None [current_project]
set_property top adder_3_bit [current_fileset]
# Re-enabling previously disabled source management mode.
set_property source_mgmt_mode All [current_project]
update_compile_order -fileset sources_1
# Disabling source management mode.  This is to allow the top design properties to be set without GUI intervention.
set_property source_mgmt_mode None [current_project]
set_property top TB_Adder_3_bit [get_filesets sim_1]
set_property top_lib xil_defaultlib [get_filesets sim_1]
# Re-enabling previously disabled source management mode.
set_property source_mgmt_mode All [current_project]
update_compile_order -fileset sim_1
launch_simulation
open_wave_config {D:/Academic/Microprocessor - CodeCrafters/NanoProcessor/NanoProcessor/TB_Microprocessor_behav1.wcfg}
source TB_Adder_3_bit.tcl
save_wave_config {D:/Academic/Microprocessor - CodeCrafters/NanoProcessor/NanoProcessor/TB_Microprocessor_behav1.wcfg}
close_sim
launch_simulation
open_wave_config {D:/Academic/Microprocessor - CodeCrafters/NanoProcessor/NanoProcessor/TB_Microprocessor_behav1.wcfg}
source TB_Adder_3_bit.tcl
save_wave_config {D:/Academic/Microprocessor - CodeCrafters/NanoProcessor/NanoProcessor/TB_Microprocessor_behav1.wcfg}
close_sim
launch_simulation
open_wave_config {D:/Academic/Microprocessor - CodeCrafters/NanoProcessor/NanoProcessor/TB_Microprocessor_behav1.wcfg}
source TB_Adder_3_bit.tcl
export_ip_user_files -of_objects  [get_files {{D:/Academic/Microprocessor - CodeCrafters/NanoProcessor/NanoProcessor/NanoProcessor.srcs/sim_1/new/TB_MUX_2_to_1_4_bit.vhd}}] -no_script -reset -force -quiet
remove_files  -fileset sim_1 {{D:/Academic/Microprocessor - CodeCrafters/NanoProcessor/NanoProcessor/NanoProcessor.srcs/sim_1/new/TB_MUX_2_to_1_4_bit.vhd}}
set_property SOURCE_SET sources_1 [get_filesets sim_1]
add_files -fileset sim_1 -norecurse {{D:/Academic/Microprocessor - CodeCrafters/NanoProcessor/NanoProcessor/NanoProcessor.srcs/sim_1/new/TB_MUX_4_to_1_4bit.vhd}}
update_compile_order -fileset sim_1
# Disabling source management mode.  This is to allow the top design properties to be set without GUI intervention.
set_property source_mgmt_mode None [current_project]
set_property top TB_MUX_4_to_1_4bit [get_filesets sim_1]
set_property top_lib xil_defaultlib [get_filesets sim_1]
# Re-enabling previously disabled source management mode.
set_property source_mgmt_mode All [current_project]
update_compile_order -fileset sim_1
# Disabling source management mode.  This is to allow the top design properties to be set without GUI intervention.
set_property source_mgmt_mode None [current_project]
set_property top MUX_4_to_1_4bit [current_fileset]
# Re-enabling previously disabled source management mode.
set_property source_mgmt_mode All [current_project]
update_compile_order -fileset sources_1
launch_simulation
open_wave_config {D:/Academic/Microprocessor - CodeCrafters/NanoProcessor/NanoProcessor/TB_Microprocessor_behav1.wcfg}
source TB_MUX_4_to_1_4bit.tcl
save_wave_config {D:/Academic/Microprocessor - CodeCrafters/NanoProcessor/NanoProcessor/TB_Microprocessor_behav1.wcfg}
close_sim
launch_simulation
open_wave_config {D:/Academic/Microprocessor - CodeCrafters/NanoProcessor/NanoProcessor/TB_Microprocessor_behav1.wcfg}
source TB_MUX_4_to_1_4bit.tcl
# Disabling source management mode.  This is to allow the top design properties to be set without GUI intervention.
set_property source_mgmt_mode None [current_project]
set_property top TB_MUX_2_to_1_3_bit [get_filesets sim_1]
set_property top_lib xil_defaultlib [get_filesets sim_1]
# Re-enabling previously disabled source management mode.
set_property source_mgmt_mode All [current_project]
update_compile_order -fileset sim_1
# Disabling source management mode.  This is to allow the top design properties to be set without GUI intervention.
set_property source_mgmt_mode None [current_project]
set_property top MUX_2_to_1_3bit [current_fileset]
# Re-enabling previously disabled source management mode.
set_property source_mgmt_mode All [current_project]
update_compile_order -fileset sources_1
update_compile_order -fileset sim_1
update_compile_order -fileset sim_1
# Disabling source management mode.  This is to allow the top design properties to be set without GUI intervention.
set_property source_mgmt_mode None [current_project]
set_property top TB_MUX_2_to_1_3bit [get_filesets sim_1]
set_property top_lib xil_defaultlib [get_filesets sim_1]
# Re-enabling previously disabled source management mode.
set_property source_mgmt_mode All [current_project]
update_compile_order -fileset sim_1
launch_simulation
open_wave_config {D:/Academic/Microprocessor - CodeCrafters/NanoProcessor/NanoProcessor/TB_Microprocessor_behav1.wcfg}
source TB_MUX_2_to_1_3bit.tcl
save_wave_config {D:/Academic/Microprocessor - CodeCrafters/NanoProcessor/NanoProcessor/TB_Microprocessor_behav1.wcfg}
close_sim
launch_simulation
open_wave_config {D:/Academic/Microprocessor - CodeCrafters/NanoProcessor/NanoProcessor/TB_Microprocessor_behav1.wcfg}
source TB_MUX_2_to_1_3bit.tcl
# Disabling source management mode.  This is to allow the top design properties to be set without GUI intervention.
set_property source_mgmt_mode None [current_project]
set_property top NanoProcessor [current_fileset]
# Re-enabling previously disabled source management mode.
set_property source_mgmt_mode All [current_project]
update_compile_order -fileset sources_1
# Disabling source management mode.  This is to allow the top design properties to be set without GUI intervention.
set_property source_mgmt_mode None [current_project]
set_property top TB_Microprocessor [get_filesets sim_1]
set_property top_lib xil_defaultlib [get_filesets sim_1]
# Re-enabling previously disabled source management mode.
set_property source_mgmt_mode All [current_project]
update_compile_order -fileset sim_1
reset_run synth_1
launch_runs impl_1 -to_step write_bitstream -jobs 6
wait_on_run impl_1
open_run impl_1
close_sim
current_sim simulation_5
close_sim
close_sim
